{
  "asm": [
    {
      "labels": [],
      "source": null,
      "text": ".Ltext0:"
    },
    {
      "labels": [],
      "source": null,
      "text": "main:"
    },
    {
      "labels": [],
      "source": null,
      "text": ".LFB31:"
    },
    {
      "labels": [],
      "source": null,
      "text": ".LVL0:"
    },
    {
      "labels": [],
      "source": {
        "file": null,
        "line": 2
      },
      "text": "        push    {r3, lr}"
    },
    {
      "labels": [],
      "source": null,
      "text": ".LCFI0:"
    },
    {
      "labels": [],
      "source": null,
      "text": ".LBB6:"
    },
    {
      "labels": [],
      "source": null,
      "text": ".LBB7:"
    },
    {
      "labels": [],
      "source": {
        "file": "/usr/arm-linux-gnueabi/include/bits/stdio2.h",
        "line": 105
      },
      "text": "        movs    r0, #1"
    },
    {
      "labels": [],
      "source": {
        "file": "/usr/arm-linux-gnueabi/include/bits/stdio2.h",
        "line": 105
      },
      "text": "        movw    r1, #:lower16:.LC0"
    },
    {
      "labels": [],
      "source": {
        "file": "/usr/arm-linux-gnueabi/include/bits/stdio2.h",
        "line": 105
      },
      "text": "        movt    r1, #:upper16:.LC0"
    },
    {
      "labels": [],
      "source": {
        "file": "/usr/arm-linux-gnueabi/include/bits/stdio2.h",
        "line": 105
      },
      "text": "        bl      __printf_chk"
    },
    {
      "labels": [],
      "source": null,
      "text": ".LVL1:"
    },
    {
      "labels": [],
      "source": null,
      "text": ".LBE7:"
    },
    {
      "labels": [],
      "source": null,
      "text": ".LBE6:"
    },
    {
      "labels": [],
      "source": null,
      "text": ".LBB8:"
    },
    {
      "labels": [],
      "source": null,
      "text": ".LBB9:"
    },
    {
      "labels": [],
      "source": {
        "file": "/usr/arm-linux-gnueabi/include/bits/stdio2.h",
        "line": 105
      },
      "text": "        movs    r0, #1"
    },
    {
      "labels": [],
      "source": {
        "file": "/usr/arm-linux-gnueabi/include/bits/stdio2.h",
        "line": 105
      },
      "text": "        movw    r1, #:lower16:.LC1"
    },
    {
      "labels": [],
      "source": {
        "file": "/usr/arm-linux-gnueabi/include/bits/stdio2.h",
        "line": 105
      },
      "text": "        movt    r1, #:upper16:.LC1"
    },
    {
      "labels": [],
      "source": {
        "file": "/usr/arm-linux-gnueabi/include/bits/stdio2.h",
        "line": 105
      },
      "text": "        bl      __printf_chk"
    },
    {
      "labels": [],
      "source": null,
      "text": ".LBE9:"
    },
    {
      "labels": [],
      "source": null,
      "text": ".LBE8:"
    },
    {
      "labels": [],
      "source": {
        "file": null,
        "line": 5
      },
      "text": "        movs    r0, #0"
    },
    {
      "labels": [],
      "source": {
        "file": null,
        "line": 5
      },
      "text": "        pop     {r3, pc}"
    },
    {
      "labels": [],
      "source": null,
      "text": ".LFE31:"
    },
    {
      "labels": [],
      "source": null,
      "text": ".LC0:"
    },
    {
      "labels": [],
      "source": null,
      "text": "        .ascii  \"Hello world\\000\""
    },
    {
      "labels": [],
      "source": null,
      "text": ".LC1:"
    },
    {
      "labels": [],
      "source": null,
      "text": "        .ascii  \"moo\\012\\000\""
    },
    {
      "labels": [],
      "source": null,
      "text": ".Letext0:"
    },
    {
      "labels": [],
      "source": null,
      "text": ".Ldebug_info0:"
    },
    {
      "labels": [],
      "source": null,
      "text": ".Ldebug_abbrev0:"
    },
    {
      "labels": [],
      "source": null,
      "text": ".Ldebug_loc0:"
    },
    {
      "labels": [],
      "source": null,
      "text": ".LLST0:"
    },
    {
      "labels": [],
      "source": null,
      "text": ".Ldebug_ranges0:"
    },
    {
      "labels": [],
      "source": null,
      "text": ".Ldebug_line0:"
    },
    {
      "labels": [],
      "source": null,
      "text": ".LASF22:"
    },
    {
      "labels": [],
      "source": null,
      "text": ".LASF9:"
    },
    {
      "labels": [],
      "source": null,
      "text": ".LASF30:"
    },
    {
      "labels": [],
      "source": null,
      "text": ".LASF25:"
    },
    {
      "labels": [],
      "source": null,
      "text": ".LASF5:"
    },
    {
      "labels": [],
      "source": null,
      "text": ".LASF8:"
    },
    {
      "labels": [],
      "source": null,
      "text": ".LASF50:"
    },
    {
      "labels": [],
      "source": null,
      "text": ".LASF35:"
    },
    {
      "labels": [],
      "source": null,
      "text": ".LASF19:"
    },
    {
      "labels": [],
      "source": null,
      "text": ".LASF14:"
    },
    {
      "labels": [],
      "source": null,
      "text": ".LASF21:"
    },
    {
      "labels": [],
      "source": null,
      "text": ".LASF26:"
    },
    {
      "labels": [],
      "source": null,
      "text": ".LASF16:"
    },
    {
      "labels": [],
      "source": null,
      "text": ".LASF6:"
    },
    {
      "labels": [],
      "source": null,
      "text": ".LASF34:"
    },
    {
      "labels": [],
      "source": null,
      "text": ".LASF11:"
    },
    {
      "labels": [],
      "source": null,
      "text": ".LASF53:"
    },
    {
      "labels": [],
      "source": null,
      "text": ".LASF31:"
    },
    {
      "labels": [],
      "source": null,
      "text": ".LASF47:"
    },
    {
      "labels": [],
      "source": null,
      "text": ".LASF46:"
    },
    {
      "labels": [],
      "source": null,
      "text": ".LASF43:"
    },
    {
      "labels": [],
      "source": null,
      "text": ".LASF1:"
    },
    {
      "labels": [],
      "source": null,
      "text": ".LASF4:"
    },
    {
      "labels": [],
      "source": null,
      "text": ".LASF7:"
    },
    {
      "labels": [],
      "source": null,
      "text": ".LASF0:"
    },
    {
      "labels": [],
      "source": null,
      "text": ".LASF44:"
    },
    {
      "labels": [],
      "source": null,
      "text": ".LASF33:"
    },
    {
      "labels": [],
      "source": null,
      "text": ".LASF18:"
    },
    {
      "labels": [],
      "source": null,
      "text": ".LASF42:"
    },
    {
      "labels": [],
      "source": null,
      "text": ".LASF15:"
    },
    {
      "labels": [],
      "source": null,
      "text": ".LASF2:"
    },
    {
      "labels": [],
      "source": null,
      "text": ".LASF13:"
    },
    {
      "labels": [],
      "source": null,
      "text": ".LASF55:"
    },
    {
      "labels": [],
      "source": null,
      "text": ".LASF45:"
    },
    {
      "labels": [],
      "source": null,
      "text": ".LASF36:"
    },
    {
      "labels": [],
      "source": null,
      "text": ".LASF37:"
    },
    {
      "labels": [],
      "source": null,
      "text": ".LASF38:"
    },
    {
      "labels": [],
      "source": null,
      "text": ".LASF39:"
    },
    {
      "labels": [],
      "source": null,
      "text": ".LASF40:"
    },
    {
      "labels": [],
      "source": null,
      "text": ".LASF54:"
    },
    {
      "labels": [],
      "source": null,
      "text": ".LASF3:"
    },
    {
      "labels": [],
      "source": null,
      "text": ".LASF20:"
    },
    {
      "labels": [],
      "source": null,
      "text": ".LASF12:"
    },
    {
      "labels": [],
      "source": null,
      "text": ".LASF10:"
    },
    {
      "labels": [],
      "source": null,
      "text": ".LASF27:"
    },
    {
      "labels": [],
      "source": null,
      "text": ".LASF24:"
    },
    {
      "labels": [],
      "source": null,
      "text": ".LASF48:"
    },
    {
      "labels": [],
      "source": null,
      "text": ".LASF29:"
    },
    {
      "labels": [],
      "source": null,
      "text": ".LASF41:"
    },
    {
      "labels": [],
      "source": null,
      "text": ".LASF17:"
    },
    {
      "labels": [],
      "source": null,
      "text": ".LASF32:"
    },
    {
      "labels": [],
      "source": null,
      "text": ".LASF51:"
    },
    {
      "labels": [],
      "source": null,
      "text": ".LASF23:"
    },
    {
      "labels": [],
      "source": null,
      "text": ".LASF28:"
    },
    {
      "labels": [],
      "source": null,
      "text": ".LASF49:"
    },
    {
      "labels": [],
      "source": null,
      "text": ".LASF52:"
    }
  ],
  "labelDefinitions": {
    ".LC0": 27,
    ".LC1": 29,
    "main": 2
  }
}
