{
  "asm": [
    {
      "labels": [],
      "source": null,
      "text": "_Z6squarei:"
    },
    {
      "labels": [],
      "source": {
        "file": "example.cpp",
        "line": 2,
        "mainsource": true
      },
      "text": "        push      rbp                                           #2.21"
    },
    {
      "labels": [],
      "source": {
        "file": "example.cpp",
        "line": 2,
        "mainsource": true
      },
      "text": "        mov       rbp, rsp                                      #2.21"
    },
    {
      "labels": [],
      "source": {
        "file": "example.cpp",
        "line": 2,
        "mainsource": true
      },
      "text": "        sub       rsp, 16                                       #2.21"
    },
    {
      "labels": [],
      "source": {
        "file": "example.cpp",
        "line": 2,
        "mainsource": true
      },
      "text": "        mov       DWORD PTR [-16+rbp], edi                      #2.21"
    },
    {
      "labels": [],
      "source": {
        "file": "example.cpp",
        "line": 4,
        "mainsource": true
      },
      "text": "        mov       eax, DWORD PTR [-16+rbp]                      #4.18"
    },
    {
      "labels": [],
      "source": {
        "file": "example.cpp",
        "line": 4,
        "mainsource": true
      },
      "text": "        imul      eax, DWORD PTR [-16+rbp]                      #4.18"
    },
    {
      "labels": [],
      "source": {
        "file": "example.cpp",
        "line": 4,
        "mainsource": true
      },
      "text": "        leave                                                   #4.18"
    },
    {
      "labels": [],
      "source": {
        "file": "example.cpp",
        "line": 4,
        "mainsource": true
      },
      "text": "        ret                                                     #4.18"
    }
  ],
  "labelDefinitions": {
    "_Z6squarei": 1
  }
}
