{
  "asm": [
    {
      "labels": [],
      "source": null,
      "text": "trap_arm:"
    },
    {
      "labels": [],
      "source": {
        "column": 5,
        "file": "/home/ce/./example.c",
        "line": 3,
        "mainsource": true
      },
      "text": "        .inst   0xe7ffdefe"
    },
    {
      "labels": [],
      "source": null,
      "text": "trap_thumb:"
    },
    {
      "labels": [],
      "source": {
        "column": 5,
        "file": "/home/ce/./example.c",
        "line": 8,
        "mainsource": true
      },
      "text": "        .inst.n 0xdefe"
    }
  ],
  "labelDefinitions": {
    "trap_arm": 1,
    "trap_thumb": 3
  }
}
