{
  "asm": [
    {
      "labels": [],
      "source": null,
      "text": "_Z4revcc:"
    },
    {
      "labels": [],
      "source": {
        "column": 3,
        "file": null,
        "line": 2
      },
      "text": "        sub     r3, r0, #65"
    },
    {
      "labels": [],
      "source": {
        "column": 3,
        "file": null,
        "line": 2
      },
      "text": "        cmp     r3, #19"
    },
    {
      "labels": [],
      "source": {
        "column": 3,
        "file": null,
        "line": 2
      },
      "text": "        ldrls   pc, [pc, r3, asl #2]"
    },
    {
      "labels": [
        {
          "name": ".L7",
          "range": {
            "endCol": 20,
            "startCol": 17
          }
        }
      ],
      "source": {
        "column": 3,
        "file": null,
        "line": 2
      },
      "text": "        b       .L7"
    },
    {
      "labels": [
        {
          "name": ".L8",
          "range": {
            "endCol": 20,
            "startCol": 17
          }
        }
      ],
      "source": null,
      "text": "        .word   .L8"
    },
    {
      "labels": [
        {
          "name": ".L7",
          "range": {
            "endCol": 20,
            "startCol": 17
          }
        }
      ],
      "source": null,
      "text": "        .word   .L7"
    },
    {
      "labels": [
        {
          "name": ".L6",
          "range": {
            "endCol": 20,
            "startCol": 17
          }
        }
      ],
      "source": null,
      "text": "        .word   .L6"
    },
    {
      "labels": [
        {
          "name": ".L7",
          "range": {
            "endCol": 20,
            "startCol": 17
          }
        }
      ],
      "source": null,
      "text": "        .word   .L7"
    },
    {
      "labels": [
        {
          "name": ".L7",
          "range": {
            "endCol": 20,
            "startCol": 17
          }
        }
      ],
      "source": null,
      "text": "        .word   .L7"
    },
    {
      "labels": [
        {
          "name": ".L7",
          "range": {
            "endCol": 20,
            "startCol": 17
          }
        }
      ],
      "source": null,
      "text": "        .word   .L7"
    },
    {
      "labels": [
        {
          "name": ".L5",
          "range": {
            "endCol": 20,
            "startCol": 17
          }
        }
      ],
      "source": null,
      "text": "        .word   .L5"
    },
    {
      "labels": [
        {
          "name": ".L7",
          "range": {
            "endCol": 20,
            "startCol": 17
          }
        }
      ],
      "source": null,
      "text": "        .word   .L7"
    },
    {
      "labels": [
        {
          "name": ".L7",
          "range": {
            "endCol": 20,
            "startCol": 17
          }
        }
      ],
      "source": null,
      "text": "        .word   .L7"
    },
    {
      "labels": [
        {
          "name": ".L7",
          "range": {
            "endCol": 20,
            "startCol": 17
          }
        }
      ],
      "source": null,
      "text": "        .word   .L7"
    },
    {
      "labels": [
        {
          "name": ".L7",
          "range": {
            "endCol": 20,
            "startCol": 17
          }
        }
      ],
      "source": null,
      "text": "        .word   .L7"
    },
    {
      "labels": [
        {
          "name": ".L7",
          "range": {
            "endCol": 20,
            "startCol": 17
          }
        }
      ],
      "source": null,
      "text": "        .word   .L7"
    },
    {
      "labels": [
        {
          "name": ".L7",
          "range": {
            "endCol": 20,
            "startCol": 17
          }
        }
      ],
      "source": null,
      "text": "        .word   .L7"
    },
    {
      "labels": [
        {
          "name": ".L7",
          "range": {
            "endCol": 20,
            "startCol": 17
          }
        }
      ],
      "source": null,
      "text": "        .word   .L7"
    },
    {
      "labels": [
        {
          "name": ".L7",
          "range": {
            "endCol": 20,
            "startCol": 17
          }
        }
      ],
      "source": null,
      "text": "        .word   .L7"
    },
    {
      "labels": [
        {
          "name": ".L7",
          "range": {
            "endCol": 20,
            "startCol": 17
          }
        }
      ],
      "source": null,
      "text": "        .word   .L7"
    },
    {
      "labels": [
        {
          "name": ".L7",
          "range": {
            "endCol": 20,
            "startCol": 17
          }
        }
      ],
      "source": null,
      "text": "        .word   .L7"
    },
    {
      "labels": [
        {
          "name": ".L7",
          "range": {
            "endCol": 20,
            "startCol": 17
          }
        }
      ],
      "source": null,
      "text": "        .word   .L7"
    },
    {
      "labels": [
        {
          "name": ".L7",
          "range": {
            "endCol": 20,
            "startCol": 17
          }
        }
      ],
      "source": null,
      "text": "        .word   .L7"
    },
    {
      "labels": [
        {
          "name": ".L3",
          "range": {
            "endCol": 20,
            "startCol": 17
          }
        }
      ],
      "source": null,
      "text": "        .word   .L3"
    },
    {
      "labels": [],
      "source": null,
      "text": ".L8:"
    },
    {
      "labels": [],
      "source": {
        "column": 14,
        "file": null,
        "line": 12
      },
      "text": "        mov     r0, #84"
    },
    {
      "labels": [],
      "source": null,
      "text": ".L7:"
    },
    {
      "labels": [],
      "source": {
        "column": 1,
        "file": null,
        "line": 14
      },
      "text": "        bx      lr"
    },
    {
      "labels": [],
      "source": null,
      "text": ".L3:"
    },
    {
      "labels": [],
      "source": {
        "column": 14,
        "file": null,
        "line": 10
      },
      "text": "        mov     r0, #65"
    },
    {
      "labels": [],
      "source": {
        "column": 14,
        "file": null,
        "line": 10
      },
      "text": "        bx      lr"
    },
    {
      "labels": [],
      "source": null,
      "text": ".L5:"
    },
    {
      "labels": [],
      "source": {
        "column": 14,
        "file": null,
        "line": 8
      },
      "text": "        mov     r0, #67"
    },
    {
      "labels": [],
      "source": {
        "column": 14,
        "file": null,
        "line": 8
      },
      "text": "        bx      lr"
    },
    {
      "labels": [],
      "source": null,
      "text": ".L6:"
    },
    {
      "labels": [],
      "source": {
        "column": 14,
        "file": null,
        "line": 6
      },
      "text": "        mov     r0, #71"
    },
    {
      "labels": [],
      "source": {
        "column": 14,
        "file": null,
        "line": 6
      },
      "text": "        bx      lr"
    }
  ],
  "labelDefinitions": {
    ".L3": 30,
    ".L5": 33,
    ".L6": 36,
    ".L7": 28,
    ".L8": 26,
    "_Z4revcc": 1
  }
}
