{
  "asm": [
    {
      "labels": [],
      "source": null,
      "text": "main:"
    },
    {
      "labels": [],
      "source": {
        "file": "-",
        "line": 2,
        "mainsource": true
      },
      "text": "        pushq     %rbp                                          #2.12"
    },
    {
      "labels": [],
      "source": {
        "file": "-",
        "line": 2,
        "mainsource": true
      },
      "text": "        movq      %rsp, %rbp                                    #2.12"
    },
    {
      "labels": [],
      "source": {
        "file": "-",
        "line": 2,
        "mainsource": true
      },
      "text": "        andq      $-128, %rsp                                   #2.12"
    },
    {
      "labels": [],
      "source": {
        "file": "-",
        "line": 2,
        "mainsource": true
      },
      "text": "        subq      $128, %rsp                                    #2.12"
    },
    {
      "labels": [],
      "source": {
        "file": "-",
        "line": 2,
        "mainsource": true
      },
      "text": "        movl      $3, %edi                                      #2.12"
    },
    {
      "labels": [],
      "source": {
        "file": "-",
        "line": 2,
        "mainsource": true
      },
      "text": "        call      __intel_new_proc_init                         #2.12"
    },
    {
      "labels": [],
      "source": {
        "file": "-",
        "line": 2,
        "mainsource": true
      },
      "text": "        stmxcsr   (%rsp)                                        #2.12"
    },
    {
      "labels": [],
      "source": {
        "file": "-",
        "line": 3,
        "mainsource": true
      },
      "text": "        movl      $.L_2__STRING.0, %edi                         #3.1"
    },
    {
      "labels": [],
      "source": {
        "file": "-",
        "line": 3,
        "mainsource": true
      },
      "text": "        xorl      %eax, %eax                                    #3.1"
    },
    {
      "labels": [],
      "source": {
        "file": "-",
        "line": 2,
        "mainsource": true
      },
      "text": "        orl       $32832, (%rsp)                                #2.12"
    },
    {
      "labels": [],
      "source": {
        "file": "-",
        "line": 2,
        "mainsource": true
      },
      "text": "        ldmxcsr   (%rsp)                                        #2.12"
    },
    {
      "labels": [],
      "source": {
        "file": "-",
        "line": 3,
        "mainsource": true
      },
      "text": "        call      printf                                        #3.1"
    },
    {
      "labels": [],
      "source": {
        "file": "-",
        "line": 4,
        "mainsource": true
      },
      "text": "        movl      $.L_2__STRING.1, %edi                         #4.3"
    },
    {
      "labels": [],
      "source": {
        "file": "-",
        "line": 4,
        "mainsource": true
      },
      "text": "        xorl      %eax, %eax                                    #4.3"
    },
    {
      "labels": [],
      "source": {
        "file": "-",
        "line": 4,
        "mainsource": true
      },
      "text": "        call      printf                                        #4.3"
    },
    {
      "labels": [],
      "source": {
        "file": "-",
        "line": 5,
        "mainsource": true
      },
      "text": "        xorl      %eax, %eax                                    #5.1"
    },
    {
      "labels": [],
      "source": {
        "file": "-",
        "line": 5,
        "mainsource": true
      },
      "text": "        movq      %rbp, %rsp                                    #5.1"
    },
    {
      "labels": [],
      "source": {
        "file": "-",
        "line": 5,
        "mainsource": true
      },
      "text": "        popq      %rbp                                          #5.1"
    },
    {
      "labels": [],
      "source": {
        "file": "-",
        "line": 5,
        "mainsource": true
      },
      "text": "        ret                                                     #5.1"
    },
    {
      "labels": [],
      "source": null,
      "text": ".L_2__STRING.0:"
    },
    {
      "labels": [],
      "source": null,
      "text": "        .byte   72"
    },
    {
      "labels": [],
      "source": null,
      "text": "        .byte   101"
    },
    {
      "labels": [],
      "source": null,
      "text": "        .byte   108"
    },
    {
      "labels": [],
      "source": null,
      "text": "        .byte   108"
    },
    {
      "labels": [],
      "source": null,
      "text": "        .byte   111"
    },
    {
      "labels": [],
      "source": null,
      "text": "        .byte   32"
    },
    {
      "labels": [],
      "source": null,
      "text": "        .byte   119"
    },
    {
      "labels": [],
      "source": null,
      "text": "        .byte   111"
    },
    {
      "labels": [],
      "source": null,
      "text": "        .byte   114"
    },
    {
      "labels": [],
      "source": null,
      "text": "        .byte   108"
    },
    {
      "labels": [],
      "source": null,
      "text": "        .byte   100"
    },
    {
      "labels": [],
      "source": null,
      "text": "        .byte   0"
    },
    {
      "labels": [],
      "source": null,
      "text": ".L_2__STRING.1:"
    },
    {
      "labels": [],
      "source": null,
      "text": "        .byte   109"
    },
    {
      "labels": [],
      "source": null,
      "text": "        .byte   111"
    },
    {
      "labels": [],
      "source": null,
      "text": "        .byte   111"
    },
    {
      "labels": [],
      "source": null,
      "text": "        .byte   10"
    },
    {
      "labels": [],
      "source": null,
      "text": "        .byte   0"
    }
  ],
  "labelDefinitions": {
    ".L_2__STRING.0": 21,
    ".L_2__STRING.1": 34,
    "main": 1
  }
}
