{
  "asm": [
    {
      "labels": [],
      "source": null,
      "text": "_Z3p10Pdi:"
    },
    {
      "address": 8,
      "labels": [],
      "opcodes": [
        "4c98078000870001"
      ],
      "source": {
        "file": null,
        "line": 1,
        "mainsource": true
      },
      "text": " MOV R1, c[0x0][0x20] "
    },
    {
      "address": 16,
      "labels": [],
      "opcodes": [
        "4cb8000005272b02"
      ],
      "source": {
        "file": null,
        "line": 418,
        "mainsource": true
      },
      "text": " I2F.F64.S32 R2, c[0x0] [0x148] "
    },
    {
      "address": 24,
      "labels": [],
      "opcodes": [
        "e260000011800040"
      ],
      "source": {
        "file": null,
        "line": 418,
        "mainsource": true
      },
      "text": " CAL `($_Z3p10Pdi$__internal_accurate_pow) "
    },
    {
      "address": 40,
      "labels": [],
      "opcodes": [
        "3870004024070204"
      ],
      "source": {
        "file": null,
        "line": 418,
        "mainsource": true
      },
      "text": " DADD R4, R2, 10 "
    },
    {
      "address": 48,
      "labels": [],
      "opcodes": [
        "5c98078000870006"
      ],
      "source": {
        "file": null,
        "line": 418,
        "mainsource": true
      },
      "text": " MOV R6, R8 "
    },
    {
      "address": 56,
      "labels": [],
      "opcodes": [
        "5c98078000970007"
      ],
      "source": {
        "file": null,
        "line": 418,
        "mainsource": true
      },
      "text": " MOV R7, R9 "
    },
    {
      "address": 72,
      "labels": [],
      "opcodes": [
        "0407ff0000070500"
      ],
      "source": {
        "file": null,
        "line": 418,
        "mainsource": true
      },
      "text": " LOP32I.AND R0, R5, 0x7ff00000 "
    },
    {
      "address": 80,
      "labels": [],
      "opcodes": [
        "4b6b038800070007"
      ],
      "source": {
        "file": null,
        "line": 418,
        "mainsource": true
      },
      "text": " ISETP.NE.AND P0, PT, R0, c[0x2][0x0], PT "
    },
    {
      "address": 88,
      "labels": [],
      "opcodes": [
        "4c98078005270000"
      ],
      "source": {
        "file": null,
        "line": 418,
        "mainsource": true
      },
      "text": " MOV R0, c[0x0][0x148] "
    },
    {
      "address": 104,
      "labels": [],
      "opcodes": [],
      "source": {
        "file": null,
        "line": 418,
        "mainsource": true
      },
      "text": " @P0 BRA `(.L_x_0)         "
    },
    {
      "address": 112,
      "labels": [],
      "opcodes": [
        "5c98078000470006"
      ],
      "source": {
        "file": null,
        "line": 418,
        "mainsource": true
      },
      "text": " MOV R6, R4 "
    },
    {
      "address": 120,
      "labels": [],
      "opcodes": [],
      "source": {
        "file": null,
        "line": 418,
        "mainsource": true
      },
      "text": " DSETP.GTU.AND P0, PT, |R2|, +INF , PT         "
    },
    {
      "address": 136,
      "labels": [],
      "opcodes": [
        "5c98078000570007"
      ],
      "source": {
        "file": null,
        "line": 418,
        "mainsource": true
      },
      "text": " MOV R7, R5 "
    },
    {
      "address": 144,
      "labels": [],
      "opcodes": [],
      "source": {
        "file": null,
        "line": 418,
        "mainsource": true
      },
      "text": " @P0 BRA `(.L_x_0)         "
    },
    {
      "address": 1320,
      "labels": [],
      "opcodes": [
        "5370070802c70c0e"
      ],
      "source": {
        "file": null,
        "line": 418,
        "mainsource": true
      },
      "text": " DFMA R14, R12, R14, c[0x2][0xb0] "
    },
    {
      "address": 1328,
      "labels": [],
      "opcodes": [
        "5370070802c70c0e"
      ],
      "source": {
        "file": null,
        "line": 418,
        "mainsource": true
      },
      "text": " DFMA R14, R12, R14, c[0x2][0xb0] "
    },
    {
      "address": 1336,
      "labels": [],
      "opcodes": [
        "5c180a0000f7080d"
      ],
      "source": {
        "file": null,
        "line": 418,
        "mainsource": true
      },
      "text": " ISCADD R13, R8, R15, 0x14 "
    },
    {
      "address": 1352,
      "labels": [],
      "opcodes": [
        "5c98078000e7000c"
      ],
      "source": {
        "file": null,
        "line": 418,
        "mainsource": true
      },
      "text": " MOV R12, R14 "
    },
    {
      "address": 1360,
      "labels": [],
      "opcodes": [],
      "source": {
        "file": null,
        "line": 418,
        "mainsource": true
      },
      "text": " @!P0 BRA `(.L_x_1)         "
    },
    {
      "address": 1368,
      "labels": [],
      "opcodes": [
        "4bbe038802e70b8f"
      ],
      "source": {
        "file": null,
        "line": 418,
        "mainsource": true
      },
      "text": " FSETP.GEU.AND P1, PT, |R11|, c[0x2][0xb8], PT "
    },
    {
      "address": 1384,
      "labels": [],
      "opcodes": [],
      "source": {
        "file": null,
        "line": 418,
        "mainsource": true
      },
      "text": " DSETP.GEU.AND P0, PT, R10, RZ, PT         "
    },
    {
      "address": 1392,
      "labels": [],
      "opcodes": [
        "3870007ff0070a0c"
      ],
      "source": {
        "file": null,
        "line": 418,
        "mainsource": true
      },
      "text": " DADD R12, R10, +INF  "
    },
    {
      "address": 1400,
      "labels": [],
      "opcodes": [
        "5ca000000ff70c0c"
      ],
      "source": {
        "file": null,
        "line": 418,
        "mainsource": true
      },
      "text": " SEL R12, R12, RZ, P0 "
    },
    {
      "address": 1416,
      "labels": [],
      "opcodes": [
        "5ca000000ff70d0d"
      ],
      "source": {
        "file": null,
        "line": 418,
        "mainsource": true
      },
      "text": " SEL R13, R13, RZ, P0 "
    },
    {
      "address": 1424,
      "labels": [],
      "opcodes": [],
      "source": {
        "file": null,
        "line": 418,
        "mainsource": true
      },
      "text": " @P1 BRA `(.L_x_1)         "
    },
    {
      "address": 1432,
      "labels": [],
      "opcodes": [
        "5bdf7f8010870800"
      ],
      "source": {
        "file": null,
        "line": 418,
        "mainsource": true
      },
      "text": " LEA.HI R0, R8.reuse, R8, RZ, 0x1 "
    },
    {
      "address": 1560,
      "labels": [],
      "opcodes": [
        "5b6504000ff70c07"
      ],
      "source": {
        "file": null,
        "line": 418,
        "mainsource": true
      },
      "text": " ISETP.EQ.AND P0, PT, R12, RZ, !P0 "
    },
    {
      "address": 1576,
      "labels": [],
      "opcodes": [
        "5b70060000c8040c"
      ],
      "source": {
        "file": null,
        "line": 418,
        "mainsource": true
      },
      "text": " @!P0 DFMA R12, R4, R12, R12 "
    },
    {
      "address": 1584,
      "labels": [],
      "opcodes": [
        "5c98078000c70008"
      ],
      "source": {
        "file": null,
        "line": 418,
        "mainsource": true
      },
      "text": " MOV R8, R12 "
    },
    {
      "address": 1592,
      "labels": [],
      "opcodes": [
        "5c98078000d70009"
      ],
      "source": {
        "file": null,
        "line": 418,
        "mainsource": true
      },
      "text": " MOV R9, R13 "
    },
    {
      "address": 1608,
      "labels": [],
      "opcodes": [],
      "source": {
        "file": null,
        "line": 418,
        "mainsource": true
      },
      "text": " RET         "
    },
    {
      "labels": [],
      "source": null,
      "text": ".L_x_2:"
    },
    {
      "address": 1616,
      "labels": [],
      "opcodes": [
        "e2400fffff87000f"
      ],
      "source": {
        "file": null,
        "line": 418,
        "mainsource": true
      },
      "text": " BRA `(.L_x_2) "
    },
    {
      "address": 1624,
      "labels": [],
      "opcodes": [
        "50b0000000070f00"
      ],
      "source": {
        "file": null,
        "line": 418,
        "mainsource": true
      },
      "text": " NOP"
    },
    {
      "address": 1640,
      "labels": [],
      "opcodes": [
        "50b0000000070f00"
      ],
      "source": {
        "file": null,
        "line": 418,
        "mainsource": true
      },
      "text": " NOP"
    },
    {
      "address": 1648,
      "labels": [],
      "opcodes": [
        "50b0000000070f00"
      ],
      "source": {
        "file": null,
        "line": 418,
        "mainsource": true
      },
      "text": " NOP"
    },
    {
      "address": 1656,
      "labels": [],
      "opcodes": [
        "50b0000000070f00"
      ],
      "source": {
        "file": null,
        "line": 418,
        "mainsource": true
      },
      "text": " NOP"
    },
    {
      "labels": [],
      "source": null,
      "text": ".L_x_3:"
    }
  ],
  "labelDefinitions": {
    ".L_x_2": 33,
    ".L_x_3": 39,
    "_Z3p10Pdi": 1
  }
}
