{
  "asm": [
    {
      "source": null,
      "text": "1234"
    },
    {
      "source": null,
      "text": ""
    }
  ]
}
