{
  "asm": [
    {
      "source": null,
      "text": "; Listing generated by Microsoft (R) Optimizing Compiler Version 19.15.26504.0"
    },
    {
      "source": null,
      "text": ""
    },
    {
      "source": null,
      "text": "; only here to exercise bug https://github.com/compiler-explorer/compiler-explorer/issues/1337"
    },
    {
      "source": null,
      "text": "1234"
    },
    {
      "source": null,
      "text": ""
    }
  ]
}
